Archive member included to satisfy reference by file (symbol)

C:/ST/STM32CubeIDE_1.18.1/STM32CubeIDE/plugins/com.st.stm32cube.ide.mcu.externaltools.gnu-tools-for-stm32.13.3.rel1.win32_1.0.0.202411081344/tools/bin/../lib/gcc/arm-none-eabi/13.3.1/../../../../arm-none-eabi/lib/thumb/v7-m/nofp\libc_nano.a(libc_a-exit.o)
                              C:/ST/STM32CubeIDE_1.18.1/STM32CubeIDE/plugins/com.st.stm32cube.ide.mcu.externaltools.gnu-tools-for-stm32.13.3.rel1.win32_1.0.0.202411081344/tools/bin/../lib/gcc/arm-none-eabi/13.3.1/../../../../arm-none-eabi/lib/thumb/v7-m/nofp/crt0.o (exit)
C:/ST/STM32CubeIDE_1.18.1/STM32CubeIDE/plugins/com.st.stm32cube.ide.mcu.externaltools.gnu-tools-for-stm32.13.3.rel1.win32_1.0.0.202411081344/tools/bin/../lib/gcc/arm-none-eabi/13.3.1/../../../../arm-none-eabi/lib/thumb/v7-m/nofp\libc_nano.a(libc_a-findfp.o)
                              C:/ST/STM32CubeIDE_1.18.1/STM32CubeIDE/plugins/com.st.stm32cube.ide.mcu.externaltools.gnu-tools-for-stm32.13.3.rel1.win32_1.0.0.202411081344/tools/bin/../lib/gcc/arm-none-eabi/13.3.1/../../../../arm-none-eabi/lib/thumb/v7-m/nofp\libc_nano.a(libc_a-exit.o) (__stdio_exit_handler)
C:/ST/STM32CubeIDE_1.18.1/STM32CubeIDE/plugins/com.st.stm32cube.ide.mcu.externaltools.gnu-tools-for-stm32.13.3.rel1.win32_1.0.0.202411081344/tools/bin/../lib/gcc/arm-none-eabi/13.3.1/../../../../arm-none-eabi/lib/thumb/v7-m/nofp\libc_nano.a(libc_a-fwalk.o)
                              C:/ST/STM32CubeIDE_1.18.1/STM32CubeIDE/plugins/com.st.stm32cube.ide.mcu.externaltools.gnu-tools-for-stm32.13.3.rel1.win32_1.0.0.202411081344/tools/bin/../lib/gcc/arm-none-eabi/13.3.1/../../../../arm-none-eabi/lib/thumb/v7-m/nofp\libc_nano.a(libc_a-findfp.o) (_fwalk_sglue)
C:/ST/STM32CubeIDE_1.18.1/STM32CubeIDE/plugins/com.st.stm32cube.ide.mcu.externaltools.gnu-tools-for-stm32.13.3.rel1.win32_1.0.0.202411081344/tools/bin/../lib/gcc/arm-none-eabi/13.3.1/../../../../arm-none-eabi/lib/thumb/v7-m/nofp\libc_nano.a(libc_a-stdio.o)
                              C:/ST/STM32CubeIDE_1.18.1/STM32CubeIDE/plugins/com.st.stm32cube.ide.mcu.externaltools.gnu-tools-for-stm32.13.3.rel1.win32_1.0.0.202411081344/tools/bin/../lib/gcc/arm-none-eabi/13.3.1/../../../../arm-none-eabi/lib/thumb/v7-m/nofp\libc_nano.a(libc_a-findfp.o) (__sread)
C:/ST/STM32CubeIDE_1.18.1/STM32CubeIDE/plugins/com.st.stm32cube.ide.mcu.externaltools.gnu-tools-for-stm32.13.3.rel1.win32_1.0.0.202411081344/tools/bin/../lib/gcc/arm-none-eabi/13.3.1/../../../../arm-none-eabi/lib/thumb/v7-m/nofp\libc_nano.a(libc_a-memset.o)
                              C:/ST/STM32CubeIDE_1.18.1/STM32CubeIDE/plugins/com.st.stm32cube.ide.mcu.externaltools.gnu-tools-for-stm32.13.3.rel1.win32_1.0.0.202411081344/tools/bin/../lib/gcc/arm-none-eabi/13.3.1/../../../../arm-none-eabi/lib/thumb/v7-m/nofp/crt0.o (memset)
C:/ST/STM32CubeIDE_1.18.1/STM32CubeIDE/plugins/com.st.stm32cube.ide.mcu.externaltools.gnu-tools-for-stm32.13.3.rel1.win32_1.0.0.202411081344/tools/bin/../lib/gcc/arm-none-eabi/13.3.1/../../../../arm-none-eabi/lib/thumb/v7-m/nofp\libc_nano.a(libc_a-closer.o)
                              C:/ST/STM32CubeIDE_1.18.1/STM32CubeIDE/plugins/com.st.stm32cube.ide.mcu.externaltools.gnu-tools-for-stm32.13.3.rel1.win32_1.0.0.202411081344/tools/bin/../lib/gcc/arm-none-eabi/13.3.1/../../../../arm-none-eabi/lib/thumb/v7-m/nofp\libc_nano.a(libc_a-stdio.o) (_close_r)
C:/ST/STM32CubeIDE_1.18.1/STM32CubeIDE/plugins/com.st.stm32cube.ide.mcu.externaltools.gnu-tools-for-stm32.13.3.rel1.win32_1.0.0.202411081344/tools/bin/../lib/gcc/arm-none-eabi/13.3.1/../../../../arm-none-eabi/lib/thumb/v7-m/nofp\libc_nano.a(libc_a-reent.o)
                              C:/ST/STM32CubeIDE_1.18.1/STM32CubeIDE/plugins/com.st.stm32cube.ide.mcu.externaltools.gnu-tools-for-stm32.13.3.rel1.win32_1.0.0.202411081344/tools/bin/../lib/gcc/arm-none-eabi/13.3.1/../../../../arm-none-eabi/lib/thumb/v7-m/nofp\libc_nano.a(libc_a-closer.o) (errno)
C:/ST/STM32CubeIDE_1.18.1/STM32CubeIDE/plugins/com.st.stm32cube.ide.mcu.externaltools.gnu-tools-for-stm32.13.3.rel1.win32_1.0.0.202411081344/tools/bin/../lib/gcc/arm-none-eabi/13.3.1/../../../../arm-none-eabi/lib/thumb/v7-m/nofp\libc_nano.a(libc_a-impure.o)
                              C:/ST/STM32CubeIDE_1.18.1/STM32CubeIDE/plugins/com.st.stm32cube.ide.mcu.externaltools.gnu-tools-for-stm32.13.3.rel1.win32_1.0.0.202411081344/tools/bin/../lib/gcc/arm-none-eabi/13.3.1/../../../../arm-none-eabi/lib/thumb/v7-m/nofp\libc_nano.a(libc_a-reent.o) (_impure_ptr)
C:/ST/STM32CubeIDE_1.18.1/STM32CubeIDE/plugins/com.st.stm32cube.ide.mcu.externaltools.gnu-tools-for-stm32.13.3.rel1.win32_1.0.0.202411081344/tools/bin/../lib/gcc/arm-none-eabi/13.3.1/../../../../arm-none-eabi/lib/thumb/v7-m/nofp\libc_nano.a(libc_a-lseekr.o)
[...]
Memory Configuration

Name             Origin             Length             Attributes
RAM              0x20000000         0x00010000         xrw
FLASH            0x08000000         0x00020000         xr
*default*        0x00000000         0xffffffff

Linker script and memory map

LOAD C:/ST/STM32CubeIDE_1.18.1/STM32CubeIDE/plugins/com.st.stm32cube.ide.mcu.externaltools.gnu-tools-for-stm32.13.3.rel1.win32_1.0.0.202411081344/tools/bin/../lib/gcc/arm-none-eabi/13.3.1/thumb/v7-m/nofp/crti.o
LOAD C:/ST/STM32CubeIDE_1.18.1/STM32CubeIDE/plugins/com.st.stm32cube.ide.mcu.externaltools.gnu-tools-for-stm32.13.3.rel1.win32_1.0.0.202411081344/tools/bin/../lib/gcc/arm-none-eabi/13.3.1/thumb/v7-m/nofp/crtbegin.o
LOAD C:/ST/STM32CubeIDE_1.18.1/STM32CubeIDE/plugins/com.st.stm32cube.ide.mcu.externaltools.gnu-tools-for-stm32.13.3.rel1.win32_1.0.0.202411081344/tools/bin/../lib/gcc/arm-none-eabi/13.3.1/../../../../arm-none-eabi/lib/thumb/v7-m/nofp/crt0.o
LOAD ./Core/Src/canfilter.o
LOAD ./Core/Src/main.o
LOAD ./Core/Src/stm32f1xx_hal_msp.o
LOAD ./Core/Src/stm32f1xx_it.o
LOAD ./Core/Src/syscalls.o
LOAD ./Core/Src/sysmem.o
LOAD ./Core/Src/system_stm32f1xx.o
LOAD ./Core/Startup/startup_stm32f105rbtx.o
LOAD ./Drivers/STM32F1xx_HAL_Driver/Src/stm32f1xx_hal.o
LOAD ./Drivers/STM32F1xx_HAL_Driver/Src/stm32f1xx_hal_can.o
LOAD ./Drivers/STM32F1xx_HAL_Driver/Src/stm32f1xx_hal_cortex.o
LOAD ./Drivers/STM32F1xx_HAL_Driver/Src/stm32f1xx_hal_dma.o
LOAD ./Drivers/STM32F1xx_HAL_Driver/Src/stm32f1xx_hal_exti.o
LOAD ./Drivers/STM32F1xx_HAL_Driver/Src/stm32f1xx_hal_flash.o
LOAD ./Drivers/STM32F1xx_HAL_Driver/Src/stm32f1xx_hal_flash_ex.o
LOAD ./Drivers/STM32F1xx_HAL_Driver/Src/stm32f1xx_hal_gpio.o
LOAD ./Drivers/STM32F1xx_HAL_Driver/Src/stm32f1xx_hal_gpio_ex.o
LOAD ./Drivers/STM32F1xx_HAL_Driver/Src/stm32f1xx_hal_pwr.o
LOAD ./Drivers/STM32F1xx_HAL_Driver/Src/stm32f1xx_hal_rcc.o
LOAD ./Drivers/STM32F1xx_HAL_Driver/Src/stm32f1xx_hal_rcc_ex.o
START GROUP
LOAD C:/ST/STM32CubeIDE_1.18.1/STM32CubeIDE/plugins/com.st.stm32cube.ide.mcu.externaltools.gnu-tools-for-stm32.13.3.rel1.win32_1.0.0.202411081344/tools/bin/../lib/gcc/arm-none-eabi/13.3.1/../../../../arm-none-eabi/lib/thumb/v7-m/nofp\libc_nano.a
LOAD C:/ST/STM32CubeIDE_1.18.1/STM32CubeIDE/plugins/com.st.stm32cube.ide.mcu.externaltools.gnu-tools-for-stm32.13.3.rel1.win32_1.0.0.202411081344/tools/bin/../lib/gcc/arm-none-eabi/13.3.1/../../../../arm-none-eabi/lib/thumb/v7-m/nofp\libm.a
END GROUP
START GROUP
LOAD C:/ST/STM32CubeIDE_1.18.1/STM32CubeIDE/plugins/com.st.stm32cube.ide.mcu.externaltools.gnu-tools-for-stm32.13.3.rel1.win32_1.0.0.202411081344/tools/bin/../lib/gcc/arm-none-eabi/13.3.1/thumb/v7-m/nofp\libgcc.a
LOAD C:/ST/STM32CubeIDE_1.18.1/STM32CubeIDE/plugins/com.st.stm32cube.ide.mcu.externaltools.gnu-tools-for-stm32.13.3.rel1.win32_1.0.0.202411081344/tools/bin/../lib/gcc/arm-none-eabi/13.3.1/../../../../arm-none-eabi/lib/thumb/v7-m/nofp\libc_nano.a
END GROUP
START GROUP
LOAD C:/ST/STM32CubeIDE_1.18.1/STM32CubeIDE/plugins/com.st.stm32cube.ide.mcu.externaltools.gnu-tools-for-stm32.13.3.rel1.win32_1.0.0.202411081344/tools/bin/../lib/gcc/arm-none-eabi/13.3.1/thumb/v7-m/nofp\libgcc.a
LOAD C:/ST/STM32CubeIDE_1.18.1/STM32CubeIDE/plugins/com.st.stm32cube.ide.mcu.externaltools.gnu-tools-for-stm32.13.3.rel1.win32_1.0.0.202411081344/tools/bin/../lib/gcc/arm-none-eabi/13.3.1/../../../../arm-none-eabi/lib/thumb/v7-m/nofp\libc_nano.a
LOAD C:/ST/STM32CubeIDE_1.18.1/STM32CubeIDE/plugins/com.st.stm32cube.ide.mcu.externaltools.gnu-tools-for-stm32.13.3.rel1.win32_1.0.0.202411081344/tools/bin/../lib/gcc/arm-none-eabi/13.3.1/../../../../arm-none-eabi/lib/thumb/v7-m/nofp\libnosys.a
END GROUP
START GROUP
LOAD C:/ST/STM32CubeIDE_1.18.1/STM32CubeIDE/plugins/com.st.stm32cube.ide.mcu.externaltools.gnu-tools-for-stm32.13.3.rel1.win32_1.0.0.202411081344/tools/bin/../lib/gcc/arm-none-eabi/13.3.1/thumb/v7-m/nofp\libgcc.a
LOAD C:/ST/STM32CubeIDE_1.18.1/STM32CubeIDE/plugins/com.st.stm32cube.ide.mcu.externaltools.gnu-tools-for-stm32.13.3.rel1.win32_1.0.0.202411081344/tools/bin/../lib/gcc/arm-none-eabi/13.3.1/../../../../arm-none-eabi/lib/thumb/v7-m/nofp\libc_nano.a
LOAD C:/ST/STM32CubeIDE_1.18.1/STM32CubeIDE/plugins/com.st.stm32cube.ide.mcu.externaltools.gnu-tools-for-stm32.13.3.rel1.win32_1.0.0.202411081344/tools/bin/../lib/gcc/arm-none-eabi/13.3.1/../../../../arm-none-eabi/lib/thumb/v7-m/nofp\libnosys.a
END GROUP
LOAD C:/ST/STM32CubeIDE_1.18.1/STM32CubeIDE/plugins/com.st.stm32cube.ide.mcu.externaltools.gnu-tools-for-stm32.13.3.rel1.win32_1.0.0.202411081344/tools/bin/../lib/gcc/arm-none-eabi/13.3.1/thumb/v7-m/nofp/crtend.o
LOAD C:/ST/STM32CubeIDE_1.18.1/STM32CubeIDE/plugins/com.st.stm32cube.ide.mcu.externaltools.gnu-tools-for-stm32.13.3.rel1.win32_1.0.0.202411081344/tools/bin/../lib/gcc/arm-none-eabi/13.3.1/thumb/v7-m/nofp/crtn.o
                0x20010000                        _estack = (ORIGIN (RAM) + LENGTH (RAM))
                0x00000200                        _Min_Heap_Size = 0x200
                0x00000400                        _Min_Stack_Size = 0x400

.isr_vector     0x08000000      0x1e4
                0x08000000                        . = ALIGN (0x4)
 *(.isr_vector)
 .isr_vector    0x08000000      0x1e4 ./Core/Startup/startup_stm32f105rbtx.o
                0x08000000                g_pfnVectors
                0x080001e4                        . = ALIGN (0x4)

.text           0x080001e4     0x2504
                0x080001e4                        . = ALIGN (0x4)
 *(.text)
 .text          0x080001e4       0x40 C:/ST/STM32CubeIDE_1.18.1/STM32CubeIDE/plugins/com.st.stm32cube.ide.mcu.externaltools.gnu-tools-for-stm32.13.3.rel1.win32_1.0.0.202411081344/tools/bin/../lib/gcc/arm-none-eabi/13.3.1/thumb/v7-m/nofp/crtbegin.o
 .text          0x08000224       0x30 C:/ST/STM32CubeIDE_1.18.1/STM32CubeIDE/plugins/com.st.stm32cube.ide.mcu.externaltools.gnu-tools-for-stm32.13.3.rel1.win32_1.0.0.202411081344/tools/bin/../lib/gcc/arm-none-eabi/13.3.1/thumb/v7-m/nofp\libgcc.a(_aeabi_uldivmod.o)
                0x08000224                __aeabi_uldivmod
 .text          0x08000254      0x300 C:/ST/STM32CubeIDE_1.18.1/STM32CubeIDE/plugins/com.st.stm32cube.ide.mcu.externaltools.gnu-tools-for-stm32.13.3.rel1.win32_1.0.0.202411081344/tools/bin/../lib/gcc/arm-none-eabi/13.3.1/thumb/v7-m/nofp\libgcc.a(_udivmoddi4.o)
                0x08000254                __udivmoddi4
 .text          0x08000554        0x4 C:/ST/STM32CubeIDE_1.18.1/STM32CubeIDE/plugins/com.st.stm32cube.ide.mcu.externaltools.gnu-tools-for-stm32.13.3.rel1.win32_1.0.0.202411081344/tools/bin/../lib/gcc/arm-none-eabi/13.3.1/thumb/v7-m/nofp\libgcc.a(_dvmd_tls.o)
                0x08000554                __aeabi_idiv0
                0x08000554                __aeabi_ldiv0
 *(.text*)
 .text.is_blocked_can1_to_can2
                0x08000558       0x40 ./Core/Src/canfilter.o
                0x08000558                is_blocked_can1_to_can2
 .text.is_blocked_can2_to_can1
                0x08000598       0x40 ./Core/Src/canfilter.o
                0x08000598                is_blocked_can2_to_can1
 .text.canloop  0x080005d8       0xf4 ./Core/Src/canfilter.o
                0x080005d8                canloop
 .text.copyData
                0x080006cc       0x5c ./Core/Src/canfilter.o
                0x080006cc                copyData
 .text.filtercan
                0x08000728       0xdc ./Core/Src/canfilter.o
                0x08000728                filtercan
 .text.sendACCstate
                0x08000804       0x68 ./Core/Src/canfilter.o
                0x08000804                sendACCstate
 .text.sendIGNstate
                0x0800086c       0x68 ./Core/Src/canfilter.o
                0x0800086c                sendIGNstate
 .text.sendGear
                0x080008d4       0x80 ./Core/Src/canfilter.o
                0x080008d4                sendGear
 .text.main     0x08000954       0x98 ./Core/Src/main.o
                0x08000954                main
 .text.SystemClock_Config
                0x080009ec       0xa8 ./Core/Src/main.o
                0x080009ec                SystemClock_Config
 .text.MX_CAN1_Init
                0x08000a94       0x74 ./Core/Src/main.o
 .text.MX_CAN2_Init
                0x08000b08       0x84 ./Core/Src/main.o
 .text.MX_GPIO_Init
                0x08000b8c       0xb0 ./Core/Src/main.o
 .text.Error_Handler
                0x08000c3c        0xc ./Core/Src/main.o
                0x08000c3c                Error_Handler
 .text.HAL_MspInit
                0x08000c48       0x68 ./Core/Src/stm32f1xx_hal_msp.o
                0x08000c48                HAL_MspInit
 .text.HAL_CAN_MspInit
                0x08000cb0      0x16c ./Core/Src/stm32f1xx_hal_msp.o
                0x08000cb0                HAL_CAN_MspInit
 .text.NMI_Handler
                0x08000e1c        0xc ./Core/Src/stm32f1xx_it.o
                0x08000e1c                NMI_Handler
 .text.HardFault_Handler
                0x08000e28        0x8 ./Core/Src/stm32f1xx_it.o
                0x08000e28                HardFault_Handler
 .text.MemManage_Handler
                0x08000e30        0x8 ./Core/Src/stm32f1xx_it.o
                0x08000e30                MemManage_Handler
 .text.BusFault_Handler
                0x08000e38        0x8 ./Core/Src/stm32f1xx_it.o
                0x08000e38                BusFault_Handler
 .text.UsageFault_Handler
                0x08000e40        0x8 ./Core/Src/stm32f1xx_it.o
                0x08000e40                UsageFault_Handler
 .text.SVC_Handler
                0x08000e48        0xc ./Core/Src/stm32f1xx_it.o
                0x08000e48                SVC_Handler
 .text.DebugMon_Handler
                0x08000e54        0xc ./Core/Src/stm32f1xx_it.o
                0x08000e54                DebugMon_Handler
 .text.PendSV_Handler
                0x08000e60        0xc ./Core/Src/stm32f1xx_it.o
                0x08000e60                PendSV_Handler
 .text.SysTick_Handler
                0x08000e6c        0xc ./Core/Src/stm32f1xx_it.o
                0x08000e6c                SysTick_Handler
 .text.SystemInit
                0x08000e78       0x7c ./Core/Src/system_stm32f1xx.o
                0x08000e78                SystemInit
 .text.Reset_Handler
                0x08000ef4       0x44 ./Core/Startup/startup_stm32f105rbtx.o
                0x08000ef4                Reset_Handler
 .text.Default_Handler
                0x08000f38        0x2 ./Core/Startup/startup_stm32f105rbtx.o
                0x08000f38                RTC_Alarm_IRQHandler
                0x08000f38                EXTI2_IRQHandler
                0x08000f38                TIM1_CC_IRQHandler
                0x08000f38                TIM6_IRQHandler
                0x08000f38                PVD_IRQHandler
                0x08000f38                CAN2_RX1_IRQHandler
                0x08000f38                EXTI3_IRQHandler
                0x08000f38                EXTI0_IRQHandler
                0x08000f38                I2C2_EV_IRQHandler
                0x08000f38                CAN1_RX0_IRQHandler
                0x08000f38                CAN2_SCE_IRQHandler
                0x08000f38                ADC1_2_IRQHandler
                0x08000f38                SPI1_IRQHandler
                0x08000f38                TAMPER_IRQHandler
                0x08000f38                CAN2_RX0_IRQHandler
                0x08000f38                DMA2_Channel2_IRQHandler
                0x08000f38                DMA1_Channel4_IRQHandler
                0x08000f38                USART3_IRQHandler
                0x08000f38                RTC_IRQHandler
                0x08000f38                DMA1_Channel7_IRQHandler
                0x08000f38                CAN1_RX1_IRQHandler
                0x08000f38                UART5_IRQHandler
                0x08000f38                TIM4_IRQHandler
                0x08000f38                DMA2_Channel1_IRQHandler
                0x08000f38                I2C1_EV_IRQHandler
                0x08000f38                DMA1_Channel6_IRQHandler
                0x08000f38                UART4_IRQHandler
                0x08000f38                DMA2_Channel4_IRQHandler
                0x08000f38                TIM3_IRQHandler
                0x08000f38                RCC_IRQHandler
                0x08000f38                TIM1_TRG_COM_IRQHandler
                0x08000f38                DMA1_Channel1_IRQHandler
                0x08000f38                Default_Handler
                0x08000f38                EXTI15_10_IRQHandler
                0x08000f38                TIM7_IRQHandler
                0x08000f38                CAN2_TX_IRQHandler
                0x08000f38                TIM5_IRQHandler
                0x08000f38                EXTI9_5_IRQHandler
                0x08000f38                SPI2_IRQHandler
                0x08000f38                CAN1_TX_IRQHandler
                0x08000f38                DMA2_Channel5_IRQHandler
                0x08000f38                DMA1_Channel5_IRQHandler
                0x08000f38                EXTI4_IRQHandler
                0x08000f38                DMA1_Channel3_IRQHandler
                0x08000f38                TIM1_UP_IRQHandler
                0x08000f38                WWDG_IRQHandler
                0x08000f38                TIM2_IRQHandler
                0x08000f38                OTG_FS_WKUP_IRQHandler
                0x08000f38                TIM1_BRK_IRQHandler
                0x08000f38                EXTI1_IRQHandler
                0x08000f38                USART2_IRQHandler
                0x08000f38                I2C2_ER_IRQHandler
                0x08000f38                DMA1_Channel2_IRQHandler
                0x08000f38                CAN1_SCE_IRQHandler
                0x08000f38                FLASH_IRQHandler
                0x08000f38                USART1_IRQHandler
                0x08000f38                OTG_FS_IRQHandler
                0x08000f38                SPI3_IRQHandler
                0x08000f38                I2C1_ER_IRQHandler
                0x08000f38                DMA2_Channel3_IRQHandler
 *fill*         0x08000f3a        0x2 
 .text.HAL_Init
                0x08000f3c       0x2c ./Drivers/STM32F1xx_HAL_Driver/Src/stm32f1xx_hal.o
                0x08000f3c                HAL_Init
 .text.HAL_InitTick
                0x08000f68       0x60 ./Drivers/STM32F1xx_HAL_Driver/Src/stm32f1xx_hal.o
                0x08000f68                HAL_InitTick
 .text.HAL_IncTick
                0x08000fc8       0x24 ./Drivers/STM32F1xx_HAL_Driver/Src/stm32f1xx_hal.o
                0x08000fc8                HAL_IncTick
 .text.HAL_GetTick
                0x08000fec       0x14 ./Drivers/STM32F1xx_HAL_Driver/Src/stm32f1xx_hal.o
                0x08000fec                HAL_GetTick
 .text.HAL_Delay
                0x08001000       0x48 ./Drivers/STM32F1xx_HAL_Driver/Src/stm32f1xx_hal.o
                0x08001000                HAL_Delay
 .text.HAL_CAN_Init
                0x08001048      0x1f6 ./Drivers/STM32F1xx_HAL_Driver/Src/stm32f1xx_hal_can.o
                0x08001048                HAL_CAN_Init
 .text.HAL_CAN_Start
                0x0800123e       0x88 ./Drivers/STM32F1xx_HAL_Driver/Src/stm32f1xx_hal_can.o
                0x0800123e                HAL_CAN_Start
 .text.HAL_CAN_AddTxMessage
                0x080012c6      0x1b4 ./Drivers/STM32F1xx_HAL_Driver/Src/stm32f1xx_hal_can.o
                0x080012c6                HAL_CAN_AddTxMessage
 .text.HAL_CAN_GetTxMailboxesFreeLevel
                0x0800147a       0x68 ./Drivers/STM32F1xx_HAL_Driver/Src/stm32f1xx_hal_can.o
                0x0800147a                HAL_CAN_GetTxMailboxesFreeLevel
 .text.HAL_CAN_GetRxMessage
                0x080014e2      0x222 ./Drivers/STM32F1xx_HAL_Driver/Src/stm32f1xx_hal_can.o
                0x080014e2                HAL_CAN_GetRxMessage
 .text.HAL_CAN_GetRxFifoFillLevel
                0x08001704       0x4e ./Drivers/STM32F1xx_HAL_Driver/Src/stm32f1xx_hal_can.o
                0x08001704                HAL_CAN_GetRxFifoFillLevel
 .text.HAL_CAN_ResetError
                0x08001752       0x44 ./Drivers/STM32F1xx_HAL_Driver/Src/stm32f1xx_hal_can.o
                0x08001752                HAL_CAN_ResetError
 *fill*         0x08001796        0x2 
 .text.__NVIC_SetPriorityGrouping
                0x08001798       0x48 ./Drivers/STM32F1xx_HAL_Driver/Src/stm32f1xx_hal_cortex.o
 .text.__NVIC_GetPriorityGrouping
                0x080017e0       0x1c ./Drivers/STM32F1xx_HAL_Driver/Src/stm32f1xx_hal_cortex.o
 .text.__NVIC_SetPriority
                0x080017fc       0x54 ./Drivers/STM32F1xx_HAL_Driver/Src/stm32f1xx_hal_cortex.o
 .text.NVIC_EncodePriority
                0x08001850       0x64 ./Drivers/STM32F1xx_HAL_Driver/Src/stm32f1xx_hal_cortex.o
 .text.SysTick_Config
                0x080018b4       0x44 ./Drivers/STM32F1xx_HAL_Driver/Src/stm32f1xx_hal_cortex.o
 .text.HAL_NVIC_SetPriorityGrouping
                0x080018f8       0x16 ./Drivers/STM32F1xx_HAL_Driver/Src/stm32f1xx_hal_cortex.o
                0x080018f8                HAL_NVIC_SetPriorityGrouping
 .text.HAL_NVIC_SetPriority
                0x0800190e       0x38 ./Drivers/STM32F1xx_HAL_Driver/Src/stm32f1xx_hal_cortex.o
                0x0800190e                HAL_NVIC_SetPriority
 .text.HAL_SYSTICK_Config
                0x08001946       0x18 ./Drivers/STM32F1xx_HAL_Driver/Src/stm32f1xx_hal_cortex.o
                0x08001946                HAL_SYSTICK_Config
 *fill*         0x0800195e        0x2 
 .text.HAL_GPIO_Init
                0x08001960      0x308 ./Drivers/STM32F1xx_HAL_Driver/Src/stm32f1xx_hal_gpio.o
                0x08001960                HAL_GPIO_Init
 .text.HAL_GPIO_ReadPin
                0x08001c68       0x2e ./Drivers/STM32F1xx_HAL_Driver/Src/stm32f1xx_hal_gpio.o
                0x08001c68                HAL_GPIO_ReadPin
 .text.HAL_GPIO_WritePin
                0x08001c96       0x30 ./Drivers/STM32F1xx_HAL_Driver/Src/stm32f1xx_hal_gpio.o
                0x08001c96                HAL_GPIO_WritePin
 *fill*         0x08001cc6        0x2 
 .text.HAL_RCC_OscConfig
                0x08001cc8      0x62c ./Drivers/STM32F1xx_HAL_Driver/Src/stm32f1xx_hal_rcc.o
                0x08001cc8                HAL_RCC_OscConfig
 .text.HAL_RCC_ClockConfig
                0x080022f4      0x1d4 ./Drivers/STM32F1xx_HAL_Driver/Src/stm32f1xx_hal_rcc.o
                0x080022f4                HAL_RCC_ClockConfig
 .text.HAL_RCC_GetSysClockFreq
                0x080024c8      0x1bc ./Drivers/STM32F1xx_HAL_Driver/Src/stm32f1xx_hal_rcc.o
                0x080024c8                HAL_RCC_GetSysClockFreq
 .text.RCC_Delay
                0x08002684       0x3c ./Drivers/STM32F1xx_HAL_Driver/Src/stm32f1xx_hal_rcc.o
 .text.memset   0x080026c0       0x10 C:/ST/STM32CubeIDE_1.18.1/STM32CubeIDE/plugins/com.st.stm32cube.ide.mcu.externaltools.gnu-tools-for-stm32.13.3.rel1.win32_1.0.0.202411081344/tools/bin/../lib/gcc/arm-none-eabi/13.3.1/../../../../arm-none-eabi/lib/thumb/v7-m/nofp\libc_nano.a(libc_a-memset.o)
                0x080026c0                memset
 *(.glue_7)
 .glue_7        0x080026d0        0x0 linker stubs
 *(.glue_7t)
 .glue_7t       0x080026d0        0x0 linker stubs
 *(.eh_frame)
 .eh_frame      0x080026d0        0x0 C:/ST/STM32CubeIDE_1.18.1/STM32CubeIDE/plugins/com.st.stm32cube.ide.mcu.externaltools.gnu-tools-for-stm32.13.3.rel1.win32_1.0.0.202411081344/tools/bin/../lib/gcc/arm-none-eabi/13.3.1/thumb/v7-m/nofp/crtbegin.o
 *(.init)
 .init          0x080026d0        0x4 C:/ST/STM32CubeIDE_1.18.1/STM32CubeIDE/plugins/com.st.stm32cube.ide.mcu.externaltools.gnu-tools-for-stm32.13.3.rel1.win32_1.0.0.202411081344/tools/bin/../lib/gcc/arm-none-eabi/13.3.1/thumb/v7-m/nofp/crti.o
                0x080026d0                _init
 .init          0x080026d4        0x8 C:/ST/STM32CubeIDE_1.18.1/STM32CubeIDE/plugins/com.st.stm32cube.ide.mcu.externaltools.gnu-tools-for-stm32.13.3.rel1.win32_1.0.0.202411081344/tools/bin/../lib/gcc/arm-none-eabi/13.3.1/thumb/v7-m/nofp/crtn.o
 *(.fini)
 .fini          0x080026dc        0x4 C:/ST/STM32CubeIDE_1.18.1/STM32CubeIDE/plugins/com.st.stm32cube.ide.mcu.externaltools.gnu-tools-for-stm32.13.3.rel1.win32_1.0.0.202411081344/tools/bin/../lib/gcc/arm-none-eabi/13.3.1/thumb/v7-m/nofp/crti.o
                0x080026dc                _fini
 .fini          0x080026e0        0x8 C:/ST/STM32CubeIDE_1.18.1/STM32CubeIDE/plugins/com.st.stm32cube.ide.mcu.externaltools.gnu-tools-for-stm32.13.3.rel1.win32_1.0.0.202411081344/tools/bin/../lib/gcc/arm-none-eabi/13.3.1/thumb/v7-m/nofp/crtn.o
                0x080026e8                        . = ALIGN (0x4)
                0x080026e8                        _etext = .

.vfp11_veneer   0x080026e8        0x0
 .vfp11_veneer  0x080026e8        0x0 linker stubs

.v4_bx          0x080026e8        0x0
 .v4_bx         0x080026e8        0x0 linker stubs

.iplt           0x080026e8        0x0
 .iplt          0x080026e8        0x0 C:/ST/STM32CubeIDE_1.18.1/STM32CubeIDE/plugins/com.st.stm32cube.ide.mcu.externaltools.gnu-tools-for-stm32.13.3.rel1.win32_1.0.0.202411081344/tools/bin/../lib/gcc/arm-none-eabi/13.3.1/thumb/v7-m/nofp/crtbegin.o

.rodata         0x080026e8       0x48
                0x080026e8                        . = ALIGN (0x4)
 *(.rodata)
 .rodata        0x080026e8       0x10 ./Core/Src/canfilter.o
 .rodata        0x080026f8       0x20 ./Drivers/STM32F1xx_HAL_Driver/Src/stm32f1xx_hal_rcc.o
 *(.rodata*)
 .rodata.blocklist_can1_to_can2
                0x08002718        0x4 ./Core/Src/canfilter.o
                0x08002718                blocklist_can1_to_can2
 .rodata.blocklist_can2_to_can1
                0x0800271c        0x4 ./Core/Src/canfilter.o
                0x0800271c                blocklist_can2_to_can1
 .rodata.AHBPrescTable
                0x08002720       0x10 ./Core/Src/system_stm32f1xx.o
                0x08002720                AHBPrescTable
                0x08002730                        . = ALIGN (0x4)

.ARM.extab      0x08002730        0x0
                0x08002730                        . = ALIGN (0x4)
 *(.ARM.extab* .gnu.linkonce.armextab.*)
                0x08002730                        . = ALIGN (0x4)

.ARM            0x08002730        0x8
                0x08002730                        . = ALIGN (0x4)
                0x08002730                        __exidx_start = .
 *(.ARM.exidx*)
 .ARM.exidx     0x08002730        0x8 C:/ST/STM32CubeIDE_1.18.1/STM32CubeIDE/plugins/com.st.stm32cube.ide.mcu.externaltools.gnu-tools-for-stm32.13.3.rel1.win32_1.0.0.202411081344/tools/bin/../lib/gcc/arm-none-eabi/13.3.1/thumb/v7-m/nofp\libgcc.a(_udivmoddi4.o)
                0x08002738                        __exidx_end = .
                0x08002738                        . = ALIGN (0x4)

.rel.dyn        0x08002738        0x0
 .rel.iplt      0x08002738        0x0 C:/ST/STM32CubeIDE_1.18.1/STM32CubeIDE/plugins/com.st.stm32cube.ide.mcu.externaltools.gnu-tools-for-stm32.13.3.rel1.win32_1.0.0.202411081344/tools/bin/../lib/gcc/arm-none-eabi/13.3.1/thumb/v7-m/nofp/crtbegin.o

.preinit_array  0x08002738        0x0
                0x08002738                        . = ALIGN (0x4)
                0x08002738                        PROVIDE (__preinit_array_start = .)
 *(.preinit_array*)
                0x08002738                        PROVIDE (__preinit_array_end = .)
                0x08002738                        . = ALIGN (0x4)

.init_array     0x08002738        0x4
                0x08002738                        . = ALIGN (0x4)
                0x08002738                        PROVIDE (__init_array_start = .)
 *(SORT_BY_NAME(.init_array.*))
 *(.init_array*)
 .init_array    0x08002738        0x4 C:/ST/STM32CubeIDE_1.18.1/STM32CubeIDE/plugins/com.st.stm32cube.ide.mcu.externaltools.gnu-tools-for-stm32.13.3.rel1.win32_1.0.0.202411081344/tools/bin/../lib/gcc/arm-none-eabi/13.3.1/thumb/v7-m/nofp/crtbegin.o
                0x0800273c                        PROVIDE (__init_array_end = .)
                0x0800273c                        . = ALIGN (0x4)

.fini_array     0x0800273c        0x4
                0x0800273c                        . = ALIGN (0x4)
                [!provide]                        PROVIDE (__fini_array_start = .)
 *(SORT_BY_NAME(.fini_array.*))
 *(.fini_array*)
 .fini_array    0x0800273c        0x4 C:/ST/STM32CubeIDE_1.18.1/STM32CubeIDE/plugins/com.st.stm32cube.ide.mcu.externaltools.gnu-tools-for-stm32.13.3.rel1.win32_1.0.0.202411081344/tools/bin/../lib/gcc/arm-none-eabi/13.3.1/thumb/v7-m/nofp/crtbegin.o
                [!provide]                        PROVIDE (__fini_array_end = .)
                0x08002740                        . = ALIGN (0x4)
                0x08002740                        _sidata = LOADADDR (.data)

.data           0x20000000        0xc load address 0x08002740
                0x20000000                        . = ALIGN (0x4)
                0x20000000                        _sdata = .
 *(.data)
 *(.data*)
 .data.SystemCoreClock
                0x20000000        0x4 ./Core/Src/system_stm32f1xx.o
                0x20000000                SystemCoreClock
 .data.uwTickPrio
                0x20000004        0x4 ./Drivers/STM32F1xx_HAL_Driver/Src/stm32f1xx_hal.o
                0x20000004                uwTickPrio
 .data.uwTickFreq
                0x20000008        0x1 ./Drivers/STM32F1xx_HAL_Driver/Src/stm32f1xx_hal.o
                0x20000008                uwTickFreq
                0x2000000c                        . = ALIGN (0x4)
 *fill*         0x20000009        0x3 
                0x2000000c                        _edata = .

.igot.plt       0x2000000c        0x0 load address 0x0800274c
 .igot.plt      0x2000000c        0x0 C:/ST/STM32CubeIDE_1.18.1/STM32CubeIDE/plugins/com.st.stm32cube.ide.mcu.externaltools.gnu-tools-for-stm32.13.3.rel1.win32_1.0.0.202411081344/tools/bin/../lib/gcc/arm-none-eabi/13.3.1/thumb/v7-m/nofp/crtbegin.o
                0x2000000c                        . = ALIGN (0x4)

.bss            0x2000000c       0xc0 load address 0x0800274c
                0x2000000c                        _sbss = .
                0x2000000c                        __bss_start__ = _sbss
 *(.bss)
 .bss           0x2000000c       0x1c C:/ST/STM32CubeIDE_1.18.1/STM32CubeIDE/plugins/com.st.stm32cube.ide.mcu.externaltools.gnu-tools-for-stm32.13.3.rel1.win32_1.0.0.202411081344/tools/bin/../lib/gcc/arm-none-eabi/13.3.1/thumb/v7-m/nofp/crtbegin.o
 *(.bss*)
 .bss.TxHeader  0x20000028       0x18 ./Core/Src/canfilter.o
                0x20000028                TxHeader
 .bss.TxData    0x20000040        0x8 ./Core/Src/canfilter.o
                0x20000040                TxData
 .bss.TxMailbox
                0x20000048        0x4 ./Core/Src/canfilter.o
                0x20000048                TxMailbox
 .bss.RxHeader  0x2000004c       0x1c ./Core/Src/canfilter.o
                0x2000004c                RxHeader
 .bss.RxData    0x20000068        0x8 ./Core/Src/canfilter.o
                0x20000068                RxData
 .bss.gear      0x20000070        0x1 ./Core/Src/canfilter.o
                0x20000070                gear
 .bss.msg023b4  0x20000071        0x1 ./Core/Src/canfilter.o
                0x20000071                msg023b4
 .bss.msg023b7  0x20000072        0x1 ./Core/Src/canfilter.o
                0x20000072                msg023b7
 *fill*         0x20000073        0x1 
 .bss.hcan1     0x20000074       0x28 ./Core/Src/main.o
                0x20000074                hcan1
 .bss.hcan2     0x2000009c       0x28 ./Core/Src/main.o
                0x2000009c                hcan2
 .bss.HAL_RCC_CAN1_CLK_ENABLED
                0x200000c4        0x4 ./Core/Src/stm32f1xx_hal_msp.o
 .bss.uwTick    0x200000c8        0x4 ./Drivers/STM32F1xx_HAL_Driver/Src/stm32f1xx_hal.o
                0x200000c8                uwTick
 *(COMMON)
                0x200000cc                        . = ALIGN (0x4)
                0x200000cc                        _ebss = .
                0x200000cc                        __bss_end__ = _ebss

._user_heap_stack
                0x200000cc      0x604 load address 0x0800274c
                0x200000d0                        . = ALIGN (0x8)
 *fill*         0x200000cc        0x4 
                0x200000d0                        PROVIDE (end = .)
                [!provide]                        PROVIDE (_end = .)
                0x200002d0                        . = (. + _Min_Heap_Size)
 *fill*         0x200000d0      0x200 
                0x200006d0                        . = (. + _Min_Stack_Size)
 *fill*         0x200002d0      0x400 
                0x200006d0                        . = ALIGN (0x8)

/DISCARD/
 libc.a(*)
 libm.a(*)
 libgcc.a(*)

.ARM.attributes
                0x00000000       0x29
 *(.ARM.attributes)
 .ARM.attributes
                0x00000000       0x1d C:/ST/STM32CubeIDE_1.18.1/STM32CubeIDE/plugins/com.st.stm32cube.ide.mcu.externaltools.gnu-tools-for-stm32.13.3.rel1.win32_1.0.0.202411081344/tools/bin/../lib/gcc/arm-none-eabi/13.3.1/thumb/v7-m/nofp/crti.o
 .ARM.attributes
                0x0000001d       0x2d C:/ST/STM32CubeIDE_1.18.1/STM32CubeIDE/plugins/com.st.stm32cube.ide.mcu.externaltools.gnu-tools-for-stm32.13.3.rel1.win32_1.0.0.202411081344/tools/bin/../lib/gcc/arm-none-eabi/13.3.1/thumb/v7-m/nofp/crtbegin.o
 .ARM.attributes
                0x0000004a       0x2d ./Core/Src/canfilter.o
 .ARM.attributes
                0x00000077       0x2d ./Core/Src/main.o
 .ARM.attributes
                0x000000a4       0x2d ./Core/Src/stm32f1xx_hal_msp.o
 .ARM.attributes
                0x000000d1       0x2d ./Core/Src/stm32f1xx_it.o
 .ARM.attributes
                0x000000fe       0x2d ./Core/Src/system_stm32f1xx.o
 .ARM.attributes
                0x0000012b       0x21 ./Core/Startup/startup_stm32f105rbtx.o
 .ARM.attributes
                0x0000014c       0x2d ./Drivers/STM32F1xx_HAL_Driver/Src/stm32f1xx_hal.o
 .ARM.attributes
                0x00000179       0x2d ./Drivers/STM32F1xx_HAL_Driver/Src/stm32f1xx_hal_can.o
 .ARM.attributes
                0x000001a6       0x2d ./Drivers/STM32F1xx_HAL_Driver/Src/stm32f1xx_hal_cortex.o
 .ARM.attributes
                0x000001d3       0x2d ./Drivers/STM32F1xx_HAL_Driver/Src/stm32f1xx_hal_gpio.o
 .ARM.attributes
                0x00000200       0x2d ./Drivers/STM32F1xx_HAL_Driver/Src/stm32f1xx_hal_rcc.o
 .ARM.attributes
                0x0000022d       0x2d C:/ST/STM32CubeIDE_1.18.1/STM32CubeIDE/plugins/com.st.stm32cube.ide.mcu.externaltools.gnu-tools-for-stm32.13.3.rel1.win32_1.0.0.202411081344/tools/bin/../lib/gcc/arm-none-eabi/13.3.1/../../../../arm-none-eabi/lib/thumb/v7-m/nofp\libc_nano.a(libc_a-memset.o)
 .ARM.attributes
                0x0000025a       0x1d C:/ST/STM32CubeIDE_1.18.1/STM32CubeIDE/plugins/com.st.stm32cube.ide.mcu.externaltools.gnu-tools-for-stm32.13.3.rel1.win32_1.0.0.202411081344/tools/bin/../lib/gcc/arm-none-eabi/13.3.1/thumb/v7-m/nofp\libgcc.a(_aeabi_uldivmod.o)
 .ARM.attributes
                0x00000277       0x2d C:/ST/STM32CubeIDE_1.18.1/STM32CubeIDE/plugins/com.st.stm32cube.ide.mcu.externaltools.gnu-tools-for-stm32.13.3.rel1.win32_1.0.0.202411081344/tools/bin/../lib/gcc/arm-none-eabi/13.3.1/thumb/v7-m/nofp\libgcc.a(_udivmoddi4.o)
 .ARM.attributes
                0x000002a4       0x1d C:/ST/STM32CubeIDE_1.18.1/STM32CubeIDE/plugins/com.st.stm32cube.ide.mcu.externaltools.gnu-tools-for-stm32.13.3.rel1.win32_1.0.0.202411081344/tools/bin/../lib/gcc/arm-none-eabi/13.3.1/thumb/v7-m/nofp\libgcc.a(_dvmd_tls.o)
 .ARM.attributes
                0x000002c1       0x1d C:/ST/STM32CubeIDE_1.18.1/STM32CubeIDE/plugins/com.st.stm32cube.ide.mcu.externaltools.gnu-tools-for-stm32.13.3.rel1.win32_1.0.0.202411081344/tools/bin/../lib/gcc/arm-none-eabi/13.3.1/thumb/v7-m/nofp/crtn.o
OUTPUT(canfilter.elf elf32-littlearm)
LOAD linker stubs
LOAD C:/ST/STM32CubeIDE_1.18.1/STM32CubeIDE/plugins/com.st.stm32cube.ide.mcu.externaltools.gnu-tools-for-stm32.13.3.rel1.win32_1.0.0.202411081344/tools/bin/../lib/gcc/arm-none-eabi/13.3.1/../../../../arm-none-eabi/lib/thumb/v7-m/nofp\libc.a
LOAD C:/ST/STM32CubeIDE_1.18.1/STM32CubeIDE/plugins/com.st.stm32cube.ide.mcu.externaltools.gnu-tools-for-stm32.13.3.rel1.win32_1.0.0.202411081344/tools/bin/../lib/gcc/arm-none-eabi/13.3.1/../../../../arm-none-eabi/lib/thumb/v7-m/nofp\libm.a
LOAD C:/ST/STM32CubeIDE_1.18.1/STM32CubeIDE/plugins/com.st.stm32cube.ide.mcu.externaltools.gnu-tools-for-stm32.13.3.rel1.win32_1.0.0.202411081344/tools/bin/../lib/gcc/arm-none-eabi/13.3.1/thumb/v7-m/nofp\libgcc.a

.debug_info     0x00000000     0x51b3
 .debug_info    0x00000000      0x98e ./Core/Src/canfilter.o
 .debug_info    0x0000098e      0xb24 ./Core/Src/main.o
 .debug_info    0x000014b2      0x7e0 ./Core/Src/stm32f1xx_hal_msp.o
 .debug_info    0x00001c92      0x113 ./Core/Src/stm32f1xx_it.o
 .debug_info    0x00001da5      0x426 ./Core/Src/system_stm32f1xx.o
 .debug_info    0x000021cb       0x30 ./Core/Startup/startup_stm32f105rbtx.o
 .debug_info    0x000021fb      0x76a ./Drivers/STM32F1xx_HAL_Driver/Src/stm32f1xx_hal.o
 .debug_info    0x00002965      0xf05 ./Drivers/STM32F1xx_HAL_Driver/Src/stm32f1xx_hal_can.o
 .debug_info    0x0000386a      0xae7 ./Drivers/STM32F1xx_HAL_Driver/Src/stm32f1xx_hal_cortex.o
 .debug_info    0x00004351      0x5b6 ./Drivers/STM32F1xx_HAL_Driver/Src/stm32f1xx_hal_gpio.o
 .debug_info    0x00004907      0x8ac ./Drivers/STM32F1xx_HAL_Driver/Src/stm32f1xx_hal_rcc.o

.debug_abbrev   0x00000000     0x1422
 .debug_abbrev  0x00000000      0x24d ./Core/Src/canfilter.o
 .debug_abbrev  0x0000024d      0x298 ./Core/Src/main.o
 .debug_abbrev  0x000004e5      0x1db ./Core/Src/stm32f1xx_hal_msp.o
 .debug_abbrev  0x000006c0       0x73 ./Core/Src/stm32f1xx_it.o
 .debug_abbrev  0x00000733      0x118 ./Core/Src/system_stm32f1xx.o
 .debug_abbrev  0x0000084b       0x24 ./Core/Startup/startup_stm32f105rbtx.o
 .debug_abbrev  0x0000086f      0x214 ./Drivers/STM32F1xx_HAL_Driver/Src/stm32f1xx_hal.o
 .debug_abbrev  0x00000a83      0x24c ./Drivers/STM32F1xx_HAL_Driver/Src/stm32f1xx_hal_can.o
 .debug_abbrev  0x00000ccf      0x2f8 ./Drivers/STM32F1xx_HAL_Driver/Src/stm32f1xx_hal_cortex.o
 .debug_abbrev  0x00000fc7      0x1ca ./Drivers/STM32F1xx_HAL_Driver/Src/stm32f1xx_hal_gpio.o
 .debug_abbrev  0x00001191      0x291 ./Drivers/STM32F1xx_HAL_Driver/Src/stm32f1xx_hal_rcc.o

.debug_aranges  0x00000000      0x580
 .debug_aranges
                0x00000000       0x58 ./Core/Src/canfilter.o
 .debug_aranges
                0x00000058       0x48 ./Core/Src/main.o
 .debug_aranges
                0x000000a0       0x30 ./Core/Src/stm32f1xx_hal_msp.o
 .debug_aranges
                0x000000d0       0x60 ./Core/Src/stm32f1xx_it.o
 .debug_aranges
                0x00000130       0x28 ./Core/Src/system_stm32f1xx.o
 .debug_aranges
                0x00000158       0x28 ./Core/Startup/startup_stm32f105rbtx.o
 .debug_aranges
                0x00000180       0xe0 ./Drivers/STM32F1xx_HAL_Driver/Src/stm32f1xx_hal.o
 .debug_aranges
                0x00000260      0x138 ./Drivers/STM32F1xx_HAL_Driver/Src/stm32f1xx_hal_can.o
 .debug_aranges
                0x00000398      0x100 ./Drivers/STM32F1xx_HAL_Driver/Src/stm32f1xx_hal_cortex.o
 .debug_aranges
                0x00000498       0x58 ./Drivers/STM32F1xx_HAL_Driver/Src/stm32f1xx_hal_gpio.o
 .debug_aranges
                0x000004f0       0x90 ./Drivers/STM32F1xx_HAL_Driver/Src/stm32f1xx_hal_rcc.o

.debug_rnglists
                0x00000000      0x403
 .debug_rnglists
                0x00000000       0x40 ./Core/Src/canfilter.o
 .debug_rnglists
                0x00000040       0x35 ./Core/Src/main.o
 .debug_rnglists
                0x00000075       0x21 ./Core/Src/stm32f1xx_hal_msp.o
 .debug_rnglists
                0x00000096       0x43 ./Core/Src/stm32f1xx_it.o
 .debug_rnglists
                0x000000d9       0x1a ./Core/Src/system_stm32f1xx.o
 .debug_rnglists
                0x000000f3       0x19 ./Core/Startup/startup_stm32f105rbtx.o
 .debug_rnglists
                0x0000010c       0xa3 ./Drivers/STM32F1xx_HAL_Driver/Src/stm32f1xx_hal.o
 .debug_rnglists
                0x000001af       0xee ./Drivers/STM32F1xx_HAL_Driver/Src/stm32f1xx_hal_can.o
 .debug_rnglists
                0x0000029d       0xbb ./Drivers/STM32F1xx_HAL_Driver/Src/stm32f1xx_hal_cortex.o
 .debug_rnglists
                0x00000358       0x3f ./Drivers/STM32F1xx_HAL_Driver/Src/stm32f1xx_hal_gpio.o
 .debug_rnglists
                0x00000397       0x6c ./Drivers/STM32F1xx_HAL_Driver/Src/stm32f1xx_hal_rcc.o

.debug_macro    0x00000000    0x1a274
 .debug_macro   0x00000000      0x25d ./Core/Src/canfilter.o
 .debug_macro   0x0000025d      0xacc ./Core/Src/canfilter.o
 .debug_macro   0x00000d29      0x215 ./Core/Src/canfilter.o
 .debug_macro   0x00000f3e       0x2e ./Core/Src/canfilter.o
 .debug_macro   0x00000f6c       0x22 ./Core/Src/canfilter.o
 .debug_macro   0x00000f8e       0x22 ./Core/Src/canfilter.o
 .debug_macro   0x00000fb0       0x8e ./Core/Src/canfilter.o
 .debug_macro   0x0000103e       0x51 ./Core/Src/canfilter.o
 .debug_macro   0x0000108f      0x103 ./Core/Src/canfilter.o
 .debug_macro   0x00001192       0x6a ./Core/Src/canfilter.o
 .debug_macro   0x000011fc      0x1df ./Core/Src/canfilter.o
 .debug_macro   0x000013db       0x1c ./Core/Src/canfilter.o
 .debug_macro   0x000013f7       0x22 ./Core/Src/canfilter.o
 .debug_macro   0x00001419       0xbd ./Core/Src/canfilter.o
 .debug_macro   0x000014d6      0xd23 ./Core/Src/canfilter.o
 .debug_macro   0x000021f9    0x14912 ./Core/Src/canfilter.o
 .debug_macro   0x00016b0b       0x43 ./Core/Src/canfilter.o
 .debug_macro   0x00016b4e      0x190 ./Core/Src/canfilter.o
 .debug_macro   0x00016cde       0x5a ./Core/Src/canfilter.o
 .debug_macro   0x00016d38      0x5be ./Core/Src/canfilter.o
 .debug_macro   0x000172f6      0x644 ./Core/Src/canfilter.o
 .debug_macro   0x0001793a      0x1cb ./Core/Src/canfilter.o
 .debug_macro   0x00017b05      0x114 ./Core/Src/canfilter.o
 .debug_macro   0x00017c19      0x214 ./Core/Src/canfilter.o
 .debug_macro   0x00017e2d       0x27 ./Core/Src/canfilter.o
 .debug_macro   0x00017e54      0x13c ./Core/Src/canfilter.o
 .debug_macro   0x00017f90      0x1bc ./Core/Src/canfilter.o
 .debug_macro   0x0001814c       0x30 ./Core/Src/canfilter.o
 .debug_macro   0x0001817c       0x3c ./Core/Src/canfilter.o
 .debug_macro   0x000181b8      0x40f ./Core/Src/canfilter.o
 .debug_macro   0x000185c7       0x57 ./Core/Src/canfilter.o
 .debug_macro   0x0001861e       0x88 ./Core/Src/canfilter.o
 .debug_macro   0x000186a6      0x24f ./Core/Src/canfilter.o
 .debug_macro   0x000188f5      0x141 ./Core/Src/canfilter.o
 .debug_macro   0x00018a36       0xdf ./Core/Src/canfilter.o
 .debug_macro   0x00018b15       0x61 ./Core/Src/canfilter.o
 .debug_macro   0x00018b76       0x24 ./Core/Src/canfilter.o
 .debug_macro   0x00018b9a       0x43 ./Core/Src/canfilter.o
 .debug_macro   0x00018bdd       0x34 ./Core/Src/canfilter.o
 .debug_macro   0x00018c11      0x370 ./Core/Src/canfilter.o
 .debug_macro   0x00018f81       0x16 ./Core/Src/canfilter.o
 .debug_macro   0x00018f97       0x4a ./Core/Src/canfilter.o
 .debug_macro   0x00018fe1       0x34 ./Core/Src/canfilter.o
 .debug_macro   0x00019015       0x10 ./Core/Src/canfilter.o
 .debug_macro   0x00019025       0x58 ./Core/Src/canfilter.o
 .debug_macro   0x0001907d       0x8e ./Core/Src/canfilter.o
 .debug_macro   0x0001910b       0x1c ./Core/Src/canfilter.o
 .debug_macro   0x00019127      0x185 ./Core/Src/canfilter.o
 .debug_macro   0x000192ac       0x10 ./Core/Src/canfilter.o
 .debug_macro   0x000192bc       0x3c ./Core/Src/canfilter.o
 .debug_macro   0x000192f8       0x20 ./Core/Src/canfilter.o
 .debug_macro   0x00019318      0x267 ./Core/Src/main.o
 .debug_macro   0x0001957f      0x18f ./Core/Src/stm32f1xx_hal_msp.o
 .debug_macro   0x0001970e      0x199 ./Core/Src/stm32f1xx_it.o
 .debug_macro   0x000198a7      0x18b ./Core/Src/system_stm32f1xx.o
 .debug_macro   0x00019a32      0x1a9 ./Drivers/STM32F1xx_HAL_Driver/Src/stm32f1xx_hal.o
 .debug_macro   0x00019bdb      0x18d ./Drivers/STM32F1xx_HAL_Driver/Src/stm32f1xx_hal_can.o
 .debug_macro   0x00019d68      0x185 ./Drivers/STM32F1xx_HAL_Driver/Src/stm32f1xx_hal_cortex.o
 .debug_macro   0x00019eed      0x1f0 ./Drivers/STM32F1xx_HAL_Driver/Src/stm32f1xx_hal_gpio.o
 .debug_macro   0x0001a0dd      0x197 ./Drivers/STM32F1xx_HAL_Driver/Src/stm32f1xx_hal_rcc.o

.debug_line     0x00000000     0x683d
 .debug_line    0x00000000      0xa1a ./Core/Src/canfilter.o
 .debug_line    0x00000a1a      0x96a ./Core/Src/main.o
 .debug_line    0x00001384      0x746 ./Core/Src/stm32f1xx_hal_msp.o
 .debug_line    0x00001aca      0x736 ./Core/Src/stm32f1xx_it.o
 .debug_line    0x00002200      0x777 ./Core/Src/system_stm32f1xx.o
 .debug_line    0x00002977       0x77 ./Core/Startup/startup_stm32f105rbtx.o
 .debug_line    0x000029ee      0x935 ./Drivers/STM32F1xx_HAL_Driver/Src/stm32f1xx_hal.o
 .debug_line    0x00003323     0x1137 ./Drivers/STM32F1xx_HAL_Driver/Src/stm32f1xx_hal_can.o
 .debug_line    0x0000445a      0xb03 ./Drivers/STM32F1xx_HAL_Driver/Src/stm32f1xx_hal_cortex.o
 .debug_line    0x00004f5d      0x997 ./Drivers/STM32F1xx_HAL_Driver/Src/stm32f1xx_hal_gpio.o
 .debug_line    0x000058f4      0xf49 ./Drivers/STM32F1xx_HAL_Driver/Src/stm32f1xx_hal_rcc.o

.debug_str      0x00000000    0x9295b
 .debug_str     0x00000000    0x9295b ./Core/Src/canfilter.o
                              0x912e5 (size before relaxing)
 .debug_str     0x0009295b    0x91493 ./Core/Src/main.o
 .debug_str     0x0009295b    0x8dfc1 ./Core/Src/stm32f1xx_hal_msp.o
 .debug_str     0x0009295b    0x8dc66 ./Core/Src/stm32f1xx_it.o
 .debug_str     0x0009295b    0x8dd31 ./Core/Src/system_stm32f1xx.o
 .debug_str     0x0009295b       0x7e ./Core/Startup/startup_stm32f105rbtx.o
 .debug_str     0x0009295b    0x8e484 ./Drivers/STM32F1xx_HAL_Driver/Src/stm32f1xx_hal.o
 .debug_str     0x0009295b    0x8e47c ./Drivers/STM32F1xx_HAL_Driver/Src/stm32f1xx_hal_can.o
 .debug_str     0x0009295b    0x8e3cf ./Drivers/STM32F1xx_HAL_Driver/Src/stm32f1xx_hal_cortex.o
 .debug_str     0x0009295b    0x8e010 ./Drivers/STM32F1xx_HAL_Driver/Src/stm32f1xx_hal_gpio.o
 .debug_str     0x0009295b    0x8e126 ./Drivers/STM32F1xx_HAL_Driver/Src/stm32f1xx_hal_rcc.o

.comment        0x00000000       0x43
 .comment       0x00000000       0x43 ./Core/Src/canfilter.o
                                 0x44 (size before relaxing)
 .comment       0x00000043       0x44 ./Core/Src/main.o
 .comment       0x00000043       0x44 ./Core/Src/stm32f1xx_hal_msp.o
 .comment       0x00000043       0x44 ./Core/Src/stm32f1xx_it.o
 .comment       0x00000043       0x44 ./Core/Src/system_stm32f1xx.o
 .comment       0x00000043       0x44 ./Drivers/STM32F1xx_HAL_Driver/Src/stm32f1xx_hal.o
 .comment       0x00000043       0x44 ./Drivers/STM32F1xx_HAL_Driver/Src/stm32f1xx_hal_can.o
 .comment       0x00000043       0x44 ./Drivers/STM32F1xx_HAL_Driver/Src/stm32f1xx_hal_cortex.o
 .comment       0x00000043       0x44 ./Drivers/STM32F1xx_HAL_Driver/Src/stm32f1xx_hal_gpio.o
 .comment       0x00000043       0x44 ./Drivers/STM32F1xx_HAL_Driver/Src/stm32f1xx_hal_rcc.o

.debug_frame    0x00000000     0x14e0
 .debug_frame   0x00000000      0x134 ./Core/Src/canfilter.o
 .debug_frame   0x00000134       0xe0 ./Core/Src/main.o
 .debug_frame   0x00000214       0x7c ./Core/Src/stm32f1xx_hal_msp.o
 .debug_frame   0x00000290      0x10c ./Core/Src/stm32f1xx_it.o
 .debug_frame   0x0000039c       0x58 ./Core/Src/system_stm32f1xx.o
 .debug_frame   0x000003f4      0x334 ./Drivers/STM32F1xx_HAL_Driver/Src/stm32f1xx_hal.o
 .debug_frame   0x00000728      0x5a0 ./Drivers/STM32F1xx_HAL_Driver/Src/stm32f1xx_hal_can.o
 .debug_frame   0x00000cc8      0x428 ./Drivers/STM32F1xx_HAL_Driver/Src/stm32f1xx_hal_cortex.o
 .debug_frame   0x000010f0      0x14c ./Drivers/STM32F1xx_HAL_Driver/Src/stm32f1xx_hal_gpio.o
 .debug_frame   0x0000123c      0x224 ./Drivers/STM32F1xx_HAL_Driver/Src/stm32f1xx_hal_rcc.o
 .debug_frame   0x00001460       0x20 C:/ST/STM32CubeIDE_1.18.1/STM32CubeIDE/plugins/com.st.stm32cube.ide.mcu.externaltools.gnu-tools-for-stm32.13.3.rel1.win32_1.0.0.202411081344/tools/bin/../lib/gcc/arm-none-eabi/13.3.1/../../../../arm-none-eabi/lib/thumb/v7-m/nofp\libc_nano.a(libc_a-memset.o)
 .debug_frame   0x00001480       0x2c C:/ST/STM32CubeIDE_1.18.1/STM32CubeIDE/plugins/com.st.stm32cube.ide.mcu.externaltools.gnu-tools-for-stm32.13.3.rel1.win32_1.0.0.202411081344/tools/bin/../lib/gcc/arm-none-eabi/13.3.1/thumb/v7-m/nofp\libgcc.a(_aeabi_uldivmod.o)
 .debug_frame   0x000014ac       0x34 C:/ST/STM32CubeIDE_1.18.1/STM32CubeIDE/plugins/com.st.stm32cube.ide.mcu.externaltools.gnu-tools-for-stm32.13.3.rel1.win32_1.0.0.202411081344/tools/bin/../lib/gcc/arm-none-eabi/13.3.1/thumb/v7-m/nofp\libgcc.a(_udivmoddi4.o)

.debug_line_str
                0x00000000       0x62
 .debug_line_str
                0x00000000       0x62 ./Core/Startup/startup_stm32f105rbtx.o
